// Jest Snapshot v1, https://goo.gl/fbAQLP

exports[`App snapshot 1`] = `
<div
  class="main"
>
  <h1>
    AttiNap
  </h1>
  <p>
    Currently:
  </p>
  <h2
    data-testid="wake-status"
  >
    He's awake
  </h2>
  <div
    class="btn sleep-time"
  >
    <button>
      Just went to sleep
    </button>
    <p
      class="light"
      data-testid="time"
    >
      No time yet today
    </p>
    <p>
      <span>
         
      </span>
    </p>
    <div
      class="manage-links"
    >
      <a
        href="#"
      >
        Undo last
      </a>
      |
      <a
        href="#"
      >
        Add time
      </a>
    </div>
  </div>
  <div
    class="btn awake-time"
  >
    <button>
      Just woke up
    </button>
    <p
      class="light"
      data-testid="time"
    >
      No time yet today
    </p>
    <p>
      <span>
         
      </span>
    </p>
    <div
      class="manage-links"
    >
      <a
        href="#"
      >
        Undo last
      </a>
      |
      <a
        href="#"
      >
        Add time
      </a>
    </div>
  </div>
</div>
`;
