// Jest Snapshot v1, https://goo.gl/fbAQLP

exports[`TickTock button snapshot 1`] = `
<button>
  Submit time
</button>
`;
